// Vitest Snapshot v1, https://vitest.dev/guide/snapshot.html

exports[`parse mxd particle size export with 3 records 1`] = `
[
  {
    "arrays": {
      "Intensities": {
        "data": Float64Array [
          0,
          0,
          0,
          0,
          0,
          0,
          0,
          0,
          0,
          0,
          0,
          0,
          0,
          0,
          0,
          0,
          0,
          0,
          0,
          0,
          0,
          0,
          0,
          0,
          0,
          0,
          0,
          0,
          0,
          0,
          0,
          0,
          0,
          0,
          0.8,
          6.3,
          14.2,
          20.5,
          22.2,
          18.8,
          11.9,
          4.8,
          0.5,
          0,
          0,
          0,
          0,
          0,
          0,
          0,
          0,
          0,
          0,
          0,
          0,
          0,
          0,
          0,
          0,
          0,
          0,
          0,
          0,
          0,
          0,
          0,
          0,
          0,
          0,
          0,
        ],
        "units": "Percent",
      },
      "Numbers": {
        "data": Float64Array [
          0,
          0,
          0,
          0,
          0,
          0,
          0,
          0,
          0,
          0,
          0,
          0,
          0,
          0,
          0,
          0,
          0,
          0,
          0,
          0,
          0,
          0,
          0,
          0,
          0,
          0,
          0,
          0,
          0,
          0,
          0,
          0,
          0,
          2.1,
          11.3,
          23.7,
          26.3,
          19,
          10.5,
          4.7,
          1.8,
          0.5,
          0.1,
          0,
          0,
          0,
          0,
          0,
          0,
          0,
          0,
          0,
          0,
          0,
          0,
          0,
          0,
          0,
          0,
          0,
          0,
          0,
          0,
          0,
          0,
          0,
          0,
          0,
          0,
          0,
        ],
        "units": "Percent",
      },
      "Sizes": {
        "data": Float64Array [
          0.4,
          0.4632,
          0.5365,
          0.6213,
          0.7195,
          0.8332,
          0.9649,
          1.117,
          1.294,
          1.499,
          1.736,
          2.01,
          2.328,
          2.696,
          3.122,
          3.615,
          4.187,
          4.849,
          5.615,
          6.503,
          7.531,
          8.721,
          10.1,
          11.7,
          13.54,
          15.69,
          18.17,
          21.04,
          24.36,
          28.21,
          32.67,
          37.84,
          43.82,
          50.75,
          58.77,
          68.06,
          78.82,
          91.28,
          105.7,
          122.4,
          141.8,
          164.2,
          190.1,
          220.2,
          255,
          295.3,
          342,
          396.1,
          458.7,
          531.2,
          615.1,
          712.4,
          825,
          955.4,
          1106,
          1281,
          1484,
          1718,
          1990,
          2305,
          2669,
          3091,
          3580,
          4145,
          4801,
          5560,
          6439,
          7456,
          8635,
          10000,
        ],
        "units": "d.nm",
      },
      "Undersize By Intensity": {
        "data": Float64Array [
          0,
          0,
          0,
          0,
          0,
          0,
          0,
          0,
          0,
          0,
          0,
          0,
          0,
          0,
          0,
          0,
          0,
          0,
          0,
          0,
          0,
          0,
          0,
          0,
          0,
          0,
          0,
          0,
          0,
          0,
          0,
          0,
          0,
          0,
          0.4,
          3.9,
          14.2,
          31.5,
          52.9,
          73.4,
          88.8,
          97.1,
          99.8,
          100,
          100,
          100,
          100,
          100,
          100,
          100,
          100,
          100,
          100,
          100,
          100,
          100,
          100,
          100,
          100,
          100,
          100,
          100,
          100,
          100,
          100,
          100,
          100,
          100,
          100,
          100,
        ],
        "units": "Percent",
      },
      "Volumes": {
        "data": Float64Array [
          0,
          0,
          0,
          0,
          0,
          0,
          0,
          0,
          0,
          0,
          0,
          0,
          0,
          0,
          0,
          0,
          0,
          0,
          0,
          0,
          0,
          0,
          0,
          0,
          0,
          0,
          0,
          0,
          0,
          0,
          0,
          0,
          0,
          0.7,
          4.9,
          13.4,
          20.4,
          21.4,
          17.5,
          11.8,
          6.5,
          2.7,
          0.7,
          0.1,
          0,
          0,
          0,
          0,
          0,
          0,
          0,
          0,
          0,
          0,
          0,
          0,
          0,
          0,
          0,
          0,
          0,
          0,
          0,
          0,
          0,
          0,
          0,
          0,
          0,
          0,
        ],
        "units": "Percent",
      },
    },
    "meta": {
      "Actual Transmission Factor": 100,
      "Analysis Date": "Wednesday, 25 February 2026 16:02:06",
      "Attenuation Factor": 0.0126,
      "Attenuator": 7,
      "CPF": 0,
      "Cell Compensation": 0,
      "Duration (s)": 10,
      "Duration Used (s)": 50,
      "Measurement Date and Time": "Wednesday, 25 February 2026 16:02:06",
      "Measurement Position (mm)": 3,
      "Measurement Status": "Complete",
      "Plate Wells": 0,
      "Record Number": 20,
      "Result Origin": "Nano series",
      "S/W Version": 8.02,
      "Sample Name": "20260916_SiNP_7 1",
      "Serial Number": "MAL1086580",
      "Size Runs": 10,
      "Target Measurement Duration (s)": 100,
      "Temperature (°C)": 25,
      "Type": "Size",
      "Viscosity (cP)": 1.2,
      "Well Column": 0,
      "Well Row": 0,
    },
  },
  {
    "arrays": {
      "Intensities": {
        "data": Float64Array [
          0,
          0,
          0,
          0,
          0,
          0,
          0,
          0,
          0,
          0,
          0,
          0,
          0,
          0,
          0,
          0,
          0,
          0,
          0,
          0,
          0,
          0,
          0,
          0,
          0,
          0,
          0,
          0,
          0,
          0,
          0,
          0,
          0,
          0,
          2.2,
          8,
          15.1,
          20,
          20.9,
          17.4,
          11.1,
          4.7,
          0.7,
          0,
          0,
          0,
          0,
          0,
          0,
          0,
          0,
          0,
          0,
          0,
          0,
          0,
          0,
          0,
          0,
          0,
          0,
          0,
          0,
          0,
          0,
          0,
          0,
          0,
          0,
          0,
        ],
        "units": "Percent",
      },
      "Numbers": {
        "data": Float64Array [
          0,
          0,
          0,
          0,
          0,
          0,
          0,
          0,
          0,
          0,
          0,
          0,
          0,
          0,
          0,
          0,
          0,
          0,
          0,
          0,
          0,
          0,
          0,
          0,
          0,
          0,
          0,
          0,
          0,
          0,
          0,
          0,
          0,
          4.7,
          16.9,
          25.8,
          23.6,
          15.5,
          8.1,
          3.6,
          1.3,
          0.4,
          0.1,
          0,
          0,
          0,
          0,
          0,
          0,
          0,
          0,
          0,
          0,
          0,
          0,
          0,
          0,
          0,
          0,
          0,
          0,
          0,
          0,
          0,
          0,
          0,
          0,
          0,
          0,
          0,
        ],
        "units": "Percent",
      },
      "Sizes": {
        "data": Float64Array [
          0.4,
          0.4632,
          0.5365,
          0.6213,
          0.7195,
          0.8332,
          0.9649,
          1.117,
          1.294,
          1.499,
          1.736,
          2.01,
          2.328,
          2.696,
          3.122,
          3.615,
          4.187,
          4.849,
          5.615,
          6.503,
          7.531,
          8.721,
          10.1,
          11.7,
          13.54,
          15.69,
          18.17,
          21.04,
          24.36,
          28.21,
          32.67,
          37.84,
          43.82,
          50.75,
          58.77,
          68.06,
          78.82,
          91.28,
          105.7,
          122.4,
          141.8,
          164.2,
          190.1,
          220.2,
          255,
          295.3,
          342,
          396.1,
          458.7,
          531.2,
          615.1,
          712.4,
          825,
          955.4,
          1106,
          1281,
          1484,
          1718,
          1990,
          2305,
          2669,
          3091,
          3580,
          4145,
          4801,
          5560,
          6439,
          7456,
          8635,
          10000,
        ],
        "units": "d.nm",
      },
      "Undersize By Intensity": {
        "data": Float64Array [
          0,
          0,
          0,
          0,
          0,
          0,
          0,
          0,
          0,
          0,
          0,
          0,
          0,
          0,
          0,
          0,
          0,
          0,
          0,
          0,
          0,
          0,
          0,
          0,
          0,
          0,
          0,
          0,
          0,
          0,
          0,
          0,
          0,
          0,
          1.1,
          6.2,
          17.8,
          35.3,
          55.8,
          74.9,
          89.1,
          97,
          99.6,
          100,
          100,
          100,
          100,
          100,
          100,
          100,
          100,
          100,
          100,
          100,
          100,
          100,
          100,
          100,
          100,
          100,
          100,
          100,
          100,
          100,
          100,
          100,
          100,
          100,
          100,
          100,
        ],
        "units": "Percent",
      },
      "Volumes": {
        "data": Float64Array [
          0,
          0,
          0,
          0,
          0,
          0,
          0,
          0,
          0,
          0,
          0,
          0,
          0,
          0,
          0,
          0,
          0,
          0,
          0,
          0,
          0,
          0,
          0,
          0,
          0,
          0,
          0,
          0,
          0,
          0,
          0,
          0,
          0,
          1.7,
          7.8,
          15.8,
          20.5,
          19.8,
          15.5,
          10.2,
          5.6,
          2.4,
          0.7,
          0.1,
          0,
          0,
          0,
          0,
          0,
          0,
          0,
          0,
          0,
          0,
          0,
          0,
          0,
          0,
          0,
          0,
          0,
          0,
          0,
          0,
          0,
          0,
          0,
          0,
          0,
          0,
        ],
        "units": "Percent",
      },
    },
    "meta": {
      "Actual Transmission Factor": 100,
      "Analysis Date": "Wednesday, 25 February 2026 16:03:48",
      "Attenuation Factor": 0.0126,
      "Attenuator": 7,
      "CPF": 0,
      "Cell Compensation": 0,
      "Duration (s)": 10,
      "Duration Used (s)": 50,
      "Measurement Date and Time": "Wednesday, 25 February 2026 16:03:48",
      "Measurement Position (mm)": 3,
      "Measurement Status": "Complete",
      "Plate Wells": 0,
      "Record Number": 21,
      "Result Origin": "Nano series",
      "S/W Version": 8.02,
      "Sample Name": "20260916_SiNP_7 2",
      "Serial Number": "MAL1086580",
      "Size Runs": 10,
      "Target Measurement Duration (s)": 100,
      "Temperature (°C)": 25,
      "Type": "Size",
      "Viscosity (cP)": 1.2,
      "Well Column": 0,
      "Well Row": 0,
    },
  },
  {
    "arrays": {
      "Intensities": {
        "data": Float64Array [
          0,
          0,
          0,
          0,
          0,
          0,
          0,
          0,
          0,
          0,
          0,
          0,
          0,
          0,
          0,
          0,
          0,
          0,
          0,
          0,
          0,
          0,
          0,
          0,
          0,
          0,
          0,
          0,
          0,
          0,
          0,
          0,
          0,
          0,
          2.6,
          9,
          16.2,
          20.9,
          21.1,
          16.7,
          9.9,
          3.5,
          0,
          0,
          0,
          0,
          0,
          0,
          0,
          0,
          0,
          0,
          0,
          0,
          0,
          0,
          0,
          0,
          0,
          0,
          0,
          0,
          0,
          0,
          0,
          0,
          0,
          0,
          0,
          0,
        ],
        "units": "Percent",
      },
      "Numbers": {
        "data": Float64Array [
          0,
          0,
          0,
          0,
          0,
          0,
          0,
          0,
          0,
          0,
          0,
          0,
          0,
          0,
          0,
          0,
          0,
          0,
          0,
          0,
          0,
          0,
          0,
          0,
          0,
          0,
          0,
          0,
          0,
          0,
          0,
          0,
          0,
          5.1,
          17.9,
          26.5,
          23.4,
          14.9,
          7.6,
          3.2,
          1.1,
          0.3,
          0,
          0,
          0,
          0,
          0,
          0,
          0,
          0,
          0,
          0,
          0,
          0,
          0,
          0,
          0,
          0,
          0,
          0,
          0,
          0,
          0,
          0,
          0,
          0,
          0,
          0,
          0,
          0,
        ],
        "units": "Percent",
      },
      "Sizes": {
        "data": Float64Array [
          0.4,
          0.4632,
          0.5365,
          0.6213,
          0.7195,
          0.8332,
          0.9649,
          1.117,
          1.294,
          1.499,
          1.736,
          2.01,
          2.328,
          2.696,
          3.122,
          3.615,
          4.187,
          4.849,
          5.615,
          6.503,
          7.531,
          8.721,
          10.1,
          11.7,
          13.54,
          15.69,
          18.17,
          21.04,
          24.36,
          28.21,
          32.67,
          37.84,
          43.82,
          50.75,
          58.77,
          68.06,
          78.82,
          91.28,
          105.7,
          122.4,
          141.8,
          164.2,
          190.1,
          220.2,
          255,
          295.3,
          342,
          396.1,
          458.7,
          531.2,
          615.1,
          712.4,
          825,
          955.4,
          1106,
          1281,
          1484,
          1718,
          1990,
          2305,
          2669,
          3091,
          3580,
          4145,
          4801,
          5560,
          6439,
          7456,
          8635,
          10000,
        ],
        "units": "d.nm",
      },
      "Undersize By Intensity": {
        "data": Float64Array [
          0,
          0,
          0,
          0,
          0,
          0,
          0,
          0,
          0,
          0,
          0,
          0,
          0,
          0,
          0,
          0,
          0,
          0,
          0,
          0,
          0,
          0,
          0,
          0,
          0,
          0,
          0,
          0,
          0,
          0,
          0,
          0,
          0,
          0,
          1.3,
          7.1,
          19.7,
          38.3,
          59.3,
          78.2,
          91.5,
          98.2,
          100,
          100,
          100,
          100,
          100,
          100,
          100,
          100,
          100,
          100,
          100,
          100,
          100,
          100,
          100,
          100,
          100,
          100,
          100,
          100,
          100,
          100,
          100,
          100,
          100,
          100,
          100,
          100,
        ],
        "units": "Percent",
      },
      "Volumes": {
        "data": Float64Array [
          0,
          0,
          0,
          0,
          0,
          0,
          0,
          0,
          0,
          0,
          0,
          0,
          0,
          0,
          0,
          0,
          0,
          0,
          0,
          0,
          0,
          0,
          0,
          0,
          0,
          0,
          0,
          0,
          0,
          0,
          0,
          0,
          0,
          2,
          8.6,
          16.8,
          21.1,
          19.8,
          15.1,
          9.5,
          4.9,
          1.9,
          0.4,
          0,
          0,
          0,
          0,
          0,
          0,
          0,
          0,
          0,
          0,
          0,
          0,
          0,
          0,
          0,
          0,
          0,
          0,
          0,
          0,
          0,
          0,
          0,
          0,
          0,
          0,
          0,
        ],
        "units": "Percent",
      },
    },
    "meta": {
      "Actual Transmission Factor": 100,
      "Analysis Date": "Wednesday, 25 February 2026 16:05:30",
      "Attenuation Factor": 0.0126,
      "Attenuator": 7,
      "CPF": 0,
      "Cell Compensation": 0,
      "Duration (s)": 10,
      "Duration Used (s)": 50,
      "Measurement Date and Time": "Wednesday, 25 February 2026 16:05:30",
      "Measurement Position (mm)": 3,
      "Measurement Status": "Complete",
      "Plate Wells": 0,
      "Record Number": 22,
      "Result Origin": "Nano series",
      "S/W Version": 8.02,
      "Sample Name": "20260916_SiNP_7 3",
      "Serial Number": "MAL1086580",
      "Size Runs": 10,
      "Target Measurement Duration (s)": 100,
      "Temperature (°C)": 25,
      "Type": "Size",
      "Viscosity (cP)": 1.2,
      "Well Column": 0,
      "Well Row": 0,
    },
  },
]
`;

exports[`parse mxd zeta potential export 1`] = `
[
  {
    "arrays": {
      "Intensities": {
        "data": Float64Array [
          0,
          0,
          0,
          0,
          0,
          0,
          0,
          0,
          0,
          0,
          0,
          0,
          0,
          0,
          0,
          0,
          0,
          0,
          0,
          0,
          0,
          0,
          0,
          0,
          0,
          0,
          0,
          0,
          0,
          0,
          0,
          0,
          0,
          0,
          0,
          3338.936,
          15695.648,
          48006.473,
          157386.063,
          249005.578,
          198989.594,
          95950.406,
          34430.148,
          13711.332,
          18266.043,
          16237.284,
          1256.257,
          0,
          0,
          0,
          0,
          0,
          0,
          0,
          0,
          0,
          0,
          0,
          0,
          0,
          0,
          0,
          0,
          0,
          0,
          0,
          0,
          0,
          0,
          0,
          0,
          0,
          0,
          0,
          0,
          0,
          0,
          0,
          0,
          0,
          0,
          0,
          0,
          0,
          0,
          0,
          0,
          0,
          0,
          0,
        ],
        "units": "",
      },
      "Zeta Potentials": {
        "data": Float64Array [
          -147,
          -144,
          -141,
          -137,
          -134,
          -131,
          -128,
          -124,
          -121,
          -118,
          -114,
          -111,
          -108,
          -104,
          -101,
          -97.8,
          -94.5,
          -91.2,
          -87.9,
          -84.6,
          -81.3,
          -78,
          -74.7,
          -71.4,
          -68.1,
          -64.8,
          -61.4,
          -58.1,
          -54.8,
          -51.5,
          -48.2,
          -44.9,
          -41.6,
          -38.3,
          -35,
          -31.7,
          -28.4,
          -25.1,
          -21.8,
          -18.5,
          -15.2,
          -11.9,
          -8.56,
          -5.25,
          -1.95,
          1.36,
          4.66,
          7.97,
          11.3,
          14.6,
          17.9,
          21.2,
          24.5,
          27.8,
          31.1,
          34.4,
          37.7,
          41,
          44.3,
          47.6,
          50.9,
          54.2,
          57.6,
          60.9,
          64.2,
          67.5,
          70.8,
          74.1,
          77.4,
          80.7,
          84,
          87.3,
          90.6,
          93.9,
          97.2,
          101,
          104,
          107,
          110,
          114,
          117,
          120,
          124,
          127,
          130,
          134,
          137,
          140,
          144,
          147,
        ],
        "units": "mV",
      },
    },
    "meta": {
      "Actual Laser Power Factor": 100,
      "Analysis Date": "Friday, 27 February 2026 16:09:38",
      "Attenuation Factor": 1,
      "Attenuator": 11,
      "CPF": 0,
      "Cell Compensation": 7,
      "Conductivity (mS/cm)": 0.943,
      "Derived Count Rate (kcps)": 22,
      "Duration (s)": 3,
      "Mean Count Rate (kcps)": 22,
      "Measurement Date and Time": "Friday, 27 February 2026 16:08:39",
      "Measurement Position (mm)": 2,
      "Measurement Status": "Complete",
      "Mobility (µmcm/Vs)": -1.317,
      "Plate Wells": 0,
      "Record Number": 57,
      "Result Origin": "Nano series",
      "S/W Version": 8.02,
      "Sample Name": "LCD in FB 75/25 1",
      "Serial Number": "MAL1086580",
      "Temperature (°C)": 25,
      "Type": "Zeta",
      "Viscosity (cP)": 0.8872,
      "Well Column": 0,
      "Well Row": 0,
      "Zeta Analysis Version": 5.1,
      "Zeta Deviation (mV)": 5.71,
      "Zeta Potential (mV)": -16.8,
      "Zeta Runs": 12,
    },
  },
]
`;
