// Vitest Snapshot v1, https://vitest.dev/guide/snapshot.html

exports[`parse mxd zeta potential export 1`] = `
[
  {
    "Intensities": {
      "data": Float64Array [
        0,
        0,
        0,
        0,
        0,
        0,
        0,
        0,
        0,
        0,
        0,
        0,
        0,
        0,
        0,
        0,
        0,
        0,
        0,
        0,
        0,
        0,
        0,
        0,
        0,
        0,
        0,
        0,
        0,
        0,
        0,
        0,
        0,
        0,
        0,
        3338.936,
        15695.648,
        48006.473,
        157386.063,
        249005.578,
        198989.594,
        95950.406,
        34430.148,
        13711.332,
        18266.043,
        16237.284,
        1256.257,
        0,
        0,
        0,
        0,
        0,
        0,
        0,
        0,
        0,
        0,
        0,
        0,
        0,
        0,
        0,
        0,
        0,
        0,
        0,
        0,
        0,
        0,
        0,
        0,
        0,
        0,
        0,
        0,
        0,
        0,
        0,
        0,
        0,
        0,
        0,
        0,
        0,
        0,
        0,
        0,
        0,
        0,
        0,
      ],
      "units": "",
    },
    "Zeta Potentials": {
      "data": Float64Array [
        -147,
        -144,
        -141,
        -137,
        -134,
        -131,
        -128,
        -124,
        -121,
        -118,
        -114,
        -111,
        -108,
        -104,
        -101,
        -97.8,
        -94.5,
        -91.2,
        -87.9,
        -84.6,
        -81.3,
        -78,
        -74.7,
        -71.4,
        -68.1,
        -64.8,
        -61.4,
        -58.1,
        -54.8,
        -51.5,
        -48.2,
        -44.9,
        -41.6,
        -38.3,
        -35,
        -31.7,
        -28.4,
        -25.1,
        -21.8,
        -18.5,
        -15.2,
        -11.9,
        -8.56,
        -5.25,
        -1.95,
        1.36,
        4.66,
        7.97,
        11.3,
        14.6,
        17.9,
        21.2,
        24.5,
        27.8,
        31.1,
        34.4,
        37.7,
        41,
        44.3,
        47.6,
        50.9,
        54.2,
        57.6,
        60.9,
        64.2,
        67.5,
        70.8,
        74.1,
        77.4,
        80.7,
        84,
        87.3,
        90.6,
        93.9,
        97.2,
        101,
        104,
        107,
        110,
        114,
        117,
        120,
        124,
        127,
        130,
        134,
        137,
        140,
        144,
        147,
      ],
      "units": "mV",
    },
    "meta": {
      "Actual Laser Power Factor": 100,
      "Analysis Date": "Friday, 27 February 2026 16:09:38",
      "Attenuation Factor": 1,
      "Attenuator": 11,
      "CPF": 0,
      "Cell Compensation": 7,
      "Conductivity (mS/cm)": 0.943,
      "Derived Count Rate (kcps)": 22,
      "Duration (s)": 3,
      "Mean Count Rate (kcps)": 22,
      "Measurement Date and Time": "Friday, 27 February 2026 16:08:39",
      "Measurement Position (mm)": 2,
      "Measurement Status": "Complete",
      "Mobility (µmcm/Vs)": -1.317,
      "Plate Wells": 0,
      "Record Number": 57,
      "Result Origin": "Nano series",
      "S/W Version": 8.02,
      "Sample Name": "LCD in FB 75/25 1",
      "Serial Number": "MAL1086580",
      "Temperature (°C)": 25,
      "Type": "Zeta",
      "Viscosity (cP)": 0.8872,
      "Well Column": 0,
      "Well Row": 0,
      "Zeta Analysis Version": 5.1,
      "Zeta Deviation (mV)": 5.71,
      "Zeta Potential (mV)": -16.8,
      "Zeta Runs": 12,
    },
  },
]
`;
