// Vitest Snapshot v1, https://vitest.dev/guide/snapshot.html

exports[`parse chc particle size export with summary and distribution 1`] = `
[
  {
    "Correlation Data": {
      "data": Float64Array [
        0.878,
        0.88,
        0.876,
        0.873,
        0.872,
        0.867,
        0.865,
        0.863,
        0.858,
        0.853,
        0.848,
        0.842,
        0.836,
        0.831,
        0.825,
        0.82,
        0.815,
        0.805,
        0.795,
        0.785,
        0.774,
        0.765,
        0.756,
        0.747,
        0.737,
        0.719,
        0.701,
        0.684,
        0.668,
        0.651,
        0.636,
        0.62,
        0.605,
        0.576,
        0.548,
        0.521,
        0.497,
        0.473,
        0.45,
        0.429,
        0.409,
        0.372,
        0.339,
        0.308,
        0.28,
        0.255,
        0.232,
        0.211,
        0.193,
        0.16,
        0.133,
        0.111,
        0.0927,
        0.0776,
        0.0648,
        0.0544,
        0.0466,
        0.034,
        0.0251,
        0.0187,
        0.0147,
        0.0109,
        0.00796,
        0.00581,
        0.00537,
        0.00462,
        0.00343,
        0.00285,
        0.00304,
        0.00256,
        0.00226,
        0.00306,
        0.00365,
        0.00314,
        0.00176,
        0.00182,
        0.0023,
        0.00117,
        0.00077,
        0.000234,
        0.000953,
        0.00111,
        0.0014,
        0.0000484,
        0.00117,
        0.000777,
        0.00184,
        0.00238,
        0.00201,
        0.00301,
        0.00158,
        0.00133,
        0.000929,
        0.00184,
        0,
        0.00101,
        0.00161,
        0.000317,
        0.000992,
        0.00177,
        0.000173,
        0,
        0.000634,
        0.000383,
        0.000539,
        0.000269,
        0.000971,
        0.000676,
        0.000203,
        0.000388,
        0.000718,
        0.000268,
        0.000294,
        0.000348,
        0.000546,
        0.000133,
        0.000585,
        0.00049,
        0.00078,
        0.000238,
        0.000127,
        0.000351,
        0.000458,
        0.000812,
        0.0000393,
        0.000155,
        0.000185,
        0.000346,
        0.000205,
        0.000328,
        0.0000592,
        0.000314,
        0.0000893,
        0.000189,
        0.000354,
        0.000553,
        0.000406,
        0.000135,
        0.0000706,
        0.000139,
        0.00019,
        0.000155,
        0.000338,
        0.00000843,
        0.000282,
        0.000191,
        0.0000779,
        0.000848,
        0.000199,
        0,
        0.000115,
        0.000844,
        0.000152,
        0.000102,
        0.000475,
        0.000233,
        0,
        0,
        0.0000434,
        0.000346,
        0,
        0,
        0,
        0,
        0,
        0,
        0,
        0,
        0,
        0,
        0,
        0,
        0,
        0,
        0,
        0,
        0,
        0,
        0,
        0,
        0,
        0,
        0,
        0,
        0,
        0,
        0,
        0,
        0,
        0,
        0,
        0,
      ],
      "units": "",
    },
    "Correlation Delay Times": {
      "data": Float64Array [
        0.5,
        1,
        1.5,
        2,
        2.5,
        3,
        3.5,
        4,
        4.5,
        5.5,
        6.5,
        7.5,
        8.5,
        9.5,
        10.5,
        11.5,
        12.5,
        14.5,
        16.5,
        18.5,
        20.5,
        22.5,
        24.5,
        26.5,
        28.5,
        32.5,
        36.5,
        40.5,
        44.5,
        48.5,
        52.5,
        56.5,
        60.5,
        68.5,
        76.5,
        84.5,
        92.5,
        101,
        109,
        117,
        125,
        141,
        157,
        173,
        189,
        205,
        221,
        237,
        253,
        285,
        317,
        349,
        381,
        413,
        445,
        477,
        509,
        573,
        637,
        701,
        765,
        829,
        893,
        957,
        1020,
        1150,
        1280,
        1400,
        1530,
        1660,
        1790,
        1920,
        2040,
        2300,
        2560,
        2810,
        3070,
        3320,
        3580,
        3840,
        4090,
        4600,
        5120,
        5630,
        6140,
        6650,
        7160,
        7680,
        8190,
        9210,
        10200,
        11300,
        12300,
        13300,
        14300,
        15400,
        16400,
        18400,
        20500,
        22500,
        24600,
        26600,
        28700,
        30700,
        32800,
        36900,
        41000,
        45100,
        49100,
        53200,
        57300,
        61400,
        65500,
        73700,
        81900,
        90100,
        98300,
        106000,
        115000,
        123000,
        131000,
        147000,
        164000,
        180000,
        197000,
        213000,
        229000,
        246000,
        262000,
        295000,
        328000,
        360000,
        393000,
        426000,
        459000,
        492000,
        524000,
        590000,
        655000,
        721000,
        786000,
        852000,
        918000,
        983000,
        1050000,
        1180000,
        1310000,
        1440000,
        1570000,
        1700000,
        1840000,
        1970000,
        2100000,
        2360000,
        2620000,
        2880000,
        3150000,
        3410000,
        3670000,
        3930000,
        4190000,
        4720000,
        5240000,
        5770000,
        6290000,
        6820000,
        7340000,
        7860000,
        8390000,
        9440000,
        10500000,
        11500000,
        12600000,
        13600000,
        14700000,
        15700000,
        16800000,
        18900000,
        21000000,
        23100000,
        25200000,
        27300000,
        29400000,
        31500000,
        33600000,
        37700000,
        41900000,
        46100000,
        50300000,
        54500000,
        58700000,
        62900000,
      ],
      "units": "µs",
    },
    "Intensities": {
      "data": Float64Array [
        0,
        0,
        0,
        0,
        0,
        0,
        0,
        0,
        0,
        0,
        0,
        0,
        0,
        0,
        0,
        0,
        0,
        0,
        0,
        0,
        0,
        0,
        0,
        0,
        0,
        0,
        0,
        0,
        0,
        0,
        0,
        0,
        0,
        0.2,
        1.9,
        5.5,
        10.5,
        15.4,
        18.5,
        18.5,
        15.2,
        9.7,
        4.2,
        0.6,
        0,
        0,
        0,
        0,
        0,
        0,
        0,
        0,
        0,
        0,
        0,
        0,
        0,
        0,
        0,
        0,
        0,
        0,
        0,
        0,
        0,
        0,
        0,
        0,
        0,
        0,
      ],
      "units": "Percent",
    },
    "Numbers": {
      "data": Float64Array [
        0,
        0,
        0,
        0,
        0,
        0,
        0,
        0,
        0,
        0,
        0,
        0,
        0,
        0,
        0,
        0,
        0,
        0,
        0,
        0,
        0,
        0,
        0,
        0,
        0,
        0,
        0,
        0,
        0,
        0,
        0,
        0,
        1.1,
        7.3,
        17.7,
        23.3,
        20.7,
        14.3,
        8.3,
        4.2,
        1.9,
        0.7,
        0.2,
        0.1,
        0,
        0,
        0,
        0,
        0,
        0,
        0,
        0,
        0,
        0,
        0,
        0,
        0,
        0,
        0,
        0,
        0,
        0,
        0,
        0,
        0,
        0,
        0,
        0,
        0,
        0,
      ],
      "units": "Percent",
    },
    "Sizes": {
      "data": Float64Array [
        0.4,
        0.4632,
        0.5365,
        0.6213,
        0.7195,
        0.8332,
        0.9649,
        1.117,
        1.294,
        1.499,
        1.736,
        2.01,
        2.328,
        2.696,
        3.122,
        3.615,
        4.187,
        4.849,
        5.615,
        6.503,
        7.531,
        8.721,
        10.1,
        11.7,
        13.54,
        15.69,
        18.17,
        21.04,
        24.36,
        28.21,
        32.67,
        37.84,
        43.82,
        50.75,
        58.77,
        68.06,
        78.82,
        91.28,
        105.7,
        122.4,
        141.8,
        164.2,
        190.1,
        220.2,
        255,
        295.3,
        342,
        396.1,
        458.7,
        531.2,
        615.1,
        712.4,
        825,
        955.4,
        1106,
        1281,
        1484,
        1718,
        1990,
        2305,
        2669,
        3091,
        3580,
        4145,
        4801,
        5560,
        6439,
        7456,
        8635,
        10000,
      ],
      "units": "d.nm",
    },
    "Volumes": {
      "data": Float64Array [
        0,
        0,
        0,
        0,
        0,
        0,
        0,
        0,
        0,
        0,
        0,
        0,
        0,
        0,
        0,
        0,
        0,
        0,
        0,
        0,
        0,
        0,
        0,
        0,
        0,
        0,
        0,
        0,
        0,
        0,
        0,
        0,
        0.2,
        2.2,
        7.2,
        13.1,
        16.9,
        17.5,
        15.3,
        11.7,
        7.9,
        4.7,
        2.3,
        0.7,
        0.1,
        0,
        0,
        0,
        0,
        0,
        0,
        0,
        0,
        0,
        0,
        0,
        0,
        0,
        0,
        0,
        0,
        0,
        0,
        0,
        0,
        0,
        0,
        0,
        0,
        0,
      ],
      "units": "Percent",
    },
    "meta": {
      "%Pd Peak 1 (Percent)": 28.4,
      "%Pd Peak 2 (Percent)": 0,
      "%Pd Peak 3 (Percent)": 0,
      "Attenuator": 9,
      "Derived Count Rate (kcps)": 2683,
      "Dispersant Name": "Water",
      "Dispersant RI": 1.33,
      "Dispersant Viscosity (cP)": 0.8872,
      "Duration (s)": 10,
      "Intensity Mean (d.nm)": 116.1,
      "Intensity Peak 1 (d.nm)": 116.1,
      "Intensity Peak 2 (d.nm)": 0,
      "Intensity Peak 3 (d.nm)": 0,
      "Intensity Width Peak 1 (d.nm)": 32.94,
      "Intensity Width Peak 2 (d.nm)": 0,
      "Intensity Width Peak 3 (d.nm)": 0,
      "Intensity peak 1 (d.nm)": 116.1,
      "Intensity peak 2 (d.nm)": 0,
      "Intensity peak 3 (d.nm)": 0,
      "Intensity width peak 1 (d.nm)": 32.94,
      "Intensity width peak 2 (d.nm)": 0,
      "Intensity width peak 3 (d.nm)": 0,
      "Intercept": 0.941,
      "Material Absorption": 0.01,
      "Material Name": "Chitosan",
      "Material RI": 1.7,
      "Mean Count Rate (kcps)": 297.8,
      "Measured Intercept": 0.885,
      "Measurement Date and Time": "06 March 2026 14:50:12",
      "Number Mean (d.nm)": 78.38,
      "PdI": 0.112,
      "PdI Width (d.nm)": 36.11,
      "Quality Factor": 0,
      "Record": 1,
      "Result Origin": "Nano series",
      "S/W Version": 7.11,
      "Sample Name": "SD283 - F1, HBG6.4, 0h 1",
      "Serial Number": "MAL1143160",
      "Size Runs": 10,
      "T (°C)": 25,
      "Temperature (°C)": 25,
      "Type": "Size",
      "Viscosity (cP)": 0.8872,
      "Volume Mean (d.nm)": 99.31,
      "Z-Ave (d.nm)": 108,
      "Z-Average (d.nm)": 108,
      "pH": 0,
    },
  },
  {
    "Correlation Data": {
      "data": Float64Array [
        0.877,
        0.879,
        0.876,
        0.874,
        0.87,
        0.866,
        0.864,
        0.86,
        0.857,
        0.852,
        0.847,
        0.84,
        0.835,
        0.831,
        0.825,
        0.82,
        0.814,
        0.805,
        0.795,
        0.784,
        0.774,
        0.765,
        0.756,
        0.746,
        0.736,
        0.719,
        0.7,
        0.684,
        0.667,
        0.651,
        0.635,
        0.619,
        0.604,
        0.575,
        0.548,
        0.522,
        0.497,
        0.473,
        0.451,
        0.429,
        0.409,
        0.372,
        0.338,
        0.308,
        0.28,
        0.255,
        0.233,
        0.212,
        0.194,
        0.162,
        0.135,
        0.112,
        0.0939,
        0.0787,
        0.0662,
        0.0557,
        0.0473,
        0.0341,
        0.0248,
        0.0178,
        0.0129,
        0.00922,
        0.00693,
        0.0051,
        0.00408,
        0.0036,
        0.00257,
        0.00306,
        0.00379,
        0.00368,
        0.00142,
        0.000242,
        0,
        0.00142,
        0.0025,
        0.0022,
        0.00343,
        0.00316,
        0.00268,
        0.00282,
        0.000967,
        0.000287,
        0.000949,
        0.00194,
        0.00163,
        0.00305,
        0.0016,
        0.00126,
        0.000323,
        0.000908,
        0.000781,
        0.00119,
        0.000971,
        0.00241,
        0.000735,
        0.00285,
        0.00152,
        0.00178,
        0.00165,
        0.0000624,
        0.000826,
        0.00123,
        0.00165,
        0.00114,
        0.000789,
        0.000175,
        0.00122,
        0.00107,
        0.000699,
        0.00175,
        0.000603,
        0.0000734,
        0.000304,
        0.00115,
        0.000156,
        0.000492,
        0.000914,
        0.00107,
        0.000502,
        0.000401,
        0.000363,
        0.0000581,
        0.00071,
        0.000529,
        0.000916,
        0.00000412,
        0.0000348,
        0.000359,
        0.000186,
        0.000136,
        0.000732,
        0.000219,
        0.000435,
        0.0000698,
        0.000133,
        0,
        0.000283,
        0.000531,
        0.000385,
        0.00067,
        0.000675,
        0.000119,
        0.000125,
        0.000674,
        0.000488,
        0.000203,
        0.0000439,
        0.000571,
        0.000343,
        0.000279,
        0.00097,
        0.000521,
        0.0000596,
        0.000553,
        0.0000936,
        0.000234,
        0.000288,
        0.000232,
        0,
        0.000294,
        0,
        0,
        0,
        0,
        0,
        0,
        0,
        0,
        0,
        0,
        0,
        0,
        0,
        0,
        0,
        0,
        0,
        0,
        0,
        0,
        0,
        0,
        0,
        0,
        0,
        0,
        0,
        0,
        0,
        0,
        0,
        0,
      ],
      "units": "",
    },
    "Correlation Delay Times": {
      "data": Float64Array [
        0.5,
        1,
        1.5,
        2,
        2.5,
        3,
        3.5,
        4,
        4.5,
        5.5,
        6.5,
        7.5,
        8.5,
        9.5,
        10.5,
        11.5,
        12.5,
        14.5,
        16.5,
        18.5,
        20.5,
        22.5,
        24.5,
        26.5,
        28.5,
        32.5,
        36.5,
        40.5,
        44.5,
        48.5,
        52.5,
        56.5,
        60.5,
        68.5,
        76.5,
        84.5,
        92.5,
        101,
        109,
        117,
        125,
        141,
        157,
        173,
        189,
        205,
        221,
        237,
        253,
        285,
        317,
        349,
        381,
        413,
        445,
        477,
        509,
        573,
        637,
        701,
        765,
        829,
        893,
        957,
        1020,
        1150,
        1280,
        1400,
        1530,
        1660,
        1790,
        1920,
        2040,
        2300,
        2560,
        2810,
        3070,
        3320,
        3580,
        3840,
        4090,
        4600,
        5120,
        5630,
        6140,
        6650,
        7160,
        7680,
        8190,
        9210,
        10200,
        11300,
        12300,
        13300,
        14300,
        15400,
        16400,
        18400,
        20500,
        22500,
        24600,
        26600,
        28700,
        30700,
        32800,
        36900,
        41000,
        45100,
        49100,
        53200,
        57300,
        61400,
        65500,
        73700,
        81900,
        90100,
        98300,
        106000,
        115000,
        123000,
        131000,
        147000,
        164000,
        180000,
        197000,
        213000,
        229000,
        246000,
        262000,
        295000,
        328000,
        360000,
        393000,
        426000,
        459000,
        492000,
        524000,
        590000,
        655000,
        721000,
        786000,
        852000,
        918000,
        983000,
        1050000,
        1180000,
        1310000,
        1440000,
        1570000,
        1700000,
        1840000,
        1970000,
        2100000,
        2360000,
        2620000,
        2880000,
        3150000,
        3410000,
        3670000,
        3930000,
        4190000,
        4720000,
        5240000,
        5770000,
        6290000,
        6820000,
        7340000,
        7860000,
        8390000,
        9440000,
        10500000,
        11500000,
        12600000,
        13600000,
        14700000,
        15700000,
        16800000,
        18900000,
        21000000,
        23100000,
        25200000,
        27300000,
        29400000,
        31500000,
        33600000,
        37700000,
        41900000,
        46100000,
        50300000,
        54500000,
        58700000,
        62900000,
      ],
      "units": "µs",
    },
    "Intensities": {
      "data": Float64Array [
        0,
        0,
        0,
        0,
        0,
        0,
        0,
        0,
        0,
        0,
        0,
        0,
        0,
        0,
        0,
        0,
        0,
        0,
        0,
        0,
        0,
        0,
        0,
        0,
        0,
        0,
        0,
        0,
        0,
        0,
        0,
        0.1,
        0.2,
        0.7,
        2.3,
        5.4,
        9.5,
        13.7,
        16.7,
        17.3,
        15.3,
        11,
        6,
        1.9,
        0,
        0,
        0,
        0,
        0,
        0,
        0,
        0,
        0,
        0,
        0,
        0,
        0,
        0,
        0,
        0,
        0,
        0,
        0,
        0,
        0,
        0,
        0,
        0,
        0,
        0,
      ],
      "units": "Percent",
    },
    "Numbers": {
      "data": Float64Array [
        0,
        0,
        0,
        0,
        0,
        0,
        0,
        0,
        0,
        0,
        0,
        0,
        0,
        0,
        0,
        0,
        0,
        0,
        0,
        0,
        0,
        0,
        0,
        0,
        0,
        0,
        0,
        0,
        0,
        0,
        2.4,
        7.1,
        10.3,
        13.5,
        16.9,
        16.9,
        13.6,
        9.1,
        5.3,
        2.8,
        1.3,
        0.6,
        0.2,
        0.1,
        0,
        0,
        0,
        0,
        0,
        0,
        0,
        0,
        0,
        0,
        0,
        0,
        0,
        0,
        0,
        0,
        0,
        0,
        0,
        0,
        0,
        0,
        0,
        0,
        0,
        0,
      ],
      "units": "Percent",
    },
    "Sizes": {
      "data": Float64Array [
        0.4,
        0.4632,
        0.5365,
        0.6213,
        0.7195,
        0.8332,
        0.9649,
        1.117,
        1.294,
        1.499,
        1.736,
        2.01,
        2.328,
        2.696,
        3.122,
        3.615,
        4.187,
        4.849,
        5.615,
        6.503,
        7.531,
        8.721,
        10.1,
        11.7,
        13.54,
        15.69,
        18.17,
        21.04,
        24.36,
        28.21,
        32.67,
        37.84,
        43.82,
        50.75,
        58.77,
        68.06,
        78.82,
        91.28,
        105.7,
        122.4,
        141.8,
        164.2,
        190.1,
        220.2,
        255,
        295.3,
        342,
        396.1,
        458.7,
        531.2,
        615.1,
        712.4,
        825,
        955.4,
        1106,
        1281,
        1484,
        1718,
        1990,
        2305,
        2669,
        3091,
        3580,
        4145,
        4801,
        5560,
        6439,
        7456,
        8635,
        10000,
      ],
      "units": "d.nm",
    },
    "Volumes": {
      "data": Float64Array [
        0,
        0,
        0,
        0,
        0,
        0,
        0,
        0,
        0,
        0,
        0,
        0,
        0,
        0,
        0,
        0,
        0,
        0,
        0,
        0,
        0,
        0,
        0,
        0,
        0,
        0,
        0,
        0,
        0,
        0,
        0.3,
        1,
        2.2,
        4.6,
        8.5,
        12.5,
        14.9,
        15.1,
        13.3,
        10.5,
        7.6,
        5.1,
        2.9,
        1.2,
        0.2,
        0,
        0,
        0,
        0,
        0,
        0,
        0,
        0,
        0,
        0,
        0,
        0,
        0,
        0,
        0,
        0,
        0,
        0,
        0,
        0,
        0,
        0,
        0,
        0,
        0,
      ],
      "units": "Percent",
    },
    "meta": {
      "%Pd Peak 1 (Percent)": 30.9,
      "%Pd Peak 2 (Percent)": 0,
      "%Pd Peak 3 (Percent)": 0,
      "Attenuator": 9,
      "Derived Count Rate (kcps)": 2674,
      "Dispersant Name": "Water",
      "Dispersant RI": 1.33,
      "Dispersant Viscosity (cP)": 0.8872,
      "Duration (s)": 10,
      "Intensity Mean (d.nm)": 119.4,
      "Intensity Peak 1 (d.nm)": 119.4,
      "Intensity Peak 2 (d.nm)": 0,
      "Intensity Peak 3 (d.nm)": 0,
      "Intensity Width Peak 1 (d.nm)": 36.91,
      "Intensity Width Peak 2 (d.nm)": 0,
      "Intensity Width Peak 3 (d.nm)": 0,
      "Intensity peak 1 (d.nm)": 119.4,
      "Intensity peak 2 (d.nm)": 0,
      "Intensity peak 3 (d.nm)": 0,
      "Intensity width peak 1 (d.nm)": 36.91,
      "Intensity width peak 2 (d.nm)": 0,
      "Intensity width peak 3 (d.nm)": 0,
      "Intercept": 0.941,
      "Material Absorption": 0.01,
      "Material Name": "Chitosan",
      "Material RI": 1.7,
      "Mean Count Rate (kcps)": 296.8,
      "Measured Intercept": 0.885,
      "Measurement Date and Time": "06 March 2026 14:51:54",
      "Number Mean (d.nm)": 67.67,
      "PdI": 0.116,
      "PdI Width (d.nm)": 36.9,
      "Quality Factor": 0,
      "Record": 2,
      "Result Origin": "Nano series",
      "S/W Version": 7.11,
      "Sample Name": "SD283 - F1, HBG6.4, 0h 2",
      "Serial Number": "MAL1143160",
      "Size Runs": 10,
      "T (°C)": 25,
      "Temperature (°C)": 25,
      "Type": "Size",
      "Viscosity (cP)": 0.8872,
      "Volume Mean (d.nm)": 97.57,
      "Z-Ave (d.nm)": 108.1,
      "Z-Average (d.nm)": 108.1,
      "pH": 0,
    },
  },
  {
    "Correlation Data": {
      "data": Float64Array [
        0.881,
        0.885,
        0.881,
        0.877,
        0.875,
        0.872,
        0.868,
        0.864,
        0.862,
        0.855,
        0.85,
        0.844,
        0.841,
        0.834,
        0.829,
        0.825,
        0.819,
        0.809,
        0.799,
        0.788,
        0.779,
        0.769,
        0.76,
        0.751,
        0.741,
        0.723,
        0.705,
        0.687,
        0.671,
        0.654,
        0.638,
        0.623,
        0.608,
        0.578,
        0.551,
        0.524,
        0.499,
        0.475,
        0.452,
        0.432,
        0.412,
        0.374,
        0.34,
        0.309,
        0.281,
        0.256,
        0.234,
        0.213,
        0.195,
        0.163,
        0.136,
        0.113,
        0.0944,
        0.0788,
        0.0656,
        0.0554,
        0.0476,
        0.0351,
        0.0257,
        0.0181,
        0.0124,
        0.00857,
        0.00586,
        0.00433,
        0.00306,
        0.00219,
        0.00213,
        0.00257,
        0.00223,
        0.00143,
        0.00111,
        0.00049,
        0.000975,
        0.00174,
        0.00368,
        0.0022,
        0.000234,
        0.000601,
        0.000909,
        0.000773,
        0,
        0.0000621,
        0.000934,
        0.000519,
        0.00104,
        0.00135,
        0.00154,
        0.000318,
        0.0021,
        0.00113,
        0.00189,
        0.00198,
        0.00215,
        0.00109,
        0.00107,
        0.0032,
        0.000744,
        0.00209,
        0.000963,
        0.000294,
        0.000617,
        0.00117,
        0.000419,
        0.000426,
        0.000444,
        0.000951,
        0.000243,
        0.00122,
        0.000743,
        0.000776,
        0.000496,
        0.000626,
        0.000164,
        0,
        0.000708,
        0.00015,
        0.000247,
        0.000168,
        0.0000558,
        0.00034,
        0.000494,
        0.000415,
        0.000267,
        0.000199,
        0.000437,
        0.000716,
        0.000518,
        0.000348,
        0.000349,
        0.000624,
        0.0000859,
        0.0000619,
        0.000419,
        0.000138,
        0.0000808,
        0.000149,
        0.000148,
        0.000153,
        0.000635,
        0.000112,
        0.00049,
        0.000449,
        0.000107,
        0.000232,
        0.000171,
        0.0000463,
        0.000362,
        0.000205,
        0.000269,
        0.000185,
        0.000301,
        0.000472,
        0.000162,
        0.000478,
        0.00041,
        0.000138,
        0.000365,
        0.000599,
        0.000469,
        0.00036,
        0,
        0,
        0,
        0,
        0,
        0,
        0,
        0,
        0,
        0,
        0,
        0,
        0,
        0,
        0,
        0,
        0,
        0,
        0,
        0,
        0,
        0,
        0,
        0,
        0,
        0,
        0,
        0,
        0,
        0,
        0,
        0,
      ],
      "units": "",
    },
    "Correlation Delay Times": {
      "data": Float64Array [
        0.5,
        1,
        1.5,
        2,
        2.5,
        3,
        3.5,
        4,
        4.5,
        5.5,
        6.5,
        7.5,
        8.5,
        9.5,
        10.5,
        11.5,
        12.5,
        14.5,
        16.5,
        18.5,
        20.5,
        22.5,
        24.5,
        26.5,
        28.5,
        32.5,
        36.5,
        40.5,
        44.5,
        48.5,
        52.5,
        56.5,
        60.5,
        68.5,
        76.5,
        84.5,
        92.5,
        101,
        109,
        117,
        125,
        141,
        157,
        173,
        189,
        205,
        221,
        237,
        253,
        285,
        317,
        349,
        381,
        413,
        445,
        477,
        509,
        573,
        637,
        701,
        765,
        829,
        893,
        957,
        1020,
        1150,
        1280,
        1400,
        1530,
        1660,
        1790,
        1920,
        2040,
        2300,
        2560,
        2810,
        3070,
        3320,
        3580,
        3840,
        4090,
        4600,
        5120,
        5630,
        6140,
        6650,
        7160,
        7680,
        8190,
        9210,
        10200,
        11300,
        12300,
        13300,
        14300,
        15400,
        16400,
        18400,
        20500,
        22500,
        24600,
        26600,
        28700,
        30700,
        32800,
        36900,
        41000,
        45100,
        49100,
        53200,
        57300,
        61400,
        65500,
        73700,
        81900,
        90100,
        98300,
        106000,
        115000,
        123000,
        131000,
        147000,
        164000,
        180000,
        197000,
        213000,
        229000,
        246000,
        262000,
        295000,
        328000,
        360000,
        393000,
        426000,
        459000,
        492000,
        524000,
        590000,
        655000,
        721000,
        786000,
        852000,
        918000,
        983000,
        1050000,
        1180000,
        1310000,
        1440000,
        1570000,
        1700000,
        1840000,
        1970000,
        2100000,
        2360000,
        2620000,
        2880000,
        3150000,
        3410000,
        3670000,
        3930000,
        4190000,
        4720000,
        5240000,
        5770000,
        6290000,
        6820000,
        7340000,
        7860000,
        8390000,
        9440000,
        10500000,
        11500000,
        12600000,
        13600000,
        14700000,
        15700000,
        16800000,
        18900000,
        21000000,
        23100000,
        25200000,
        27300000,
        29400000,
        31500000,
        33600000,
        37700000,
        41900000,
        46100000,
        50300000,
        54500000,
        58700000,
        62900000,
      ],
      "units": "µs",
    },
    "Intensities": {
      "data": Float64Array [
        0,
        0,
        0,
        0,
        0,
        0,
        0,
        0,
        0,
        0,
        0,
        0,
        0,
        0,
        0,
        0,
        0,
        0,
        0,
        0,
        0,
        0,
        0,
        0,
        0,
        0,
        0,
        0,
        0,
        0,
        0,
        0,
        0,
        0,
        2.3,
        6.9,
        11.7,
        15,
        16.1,
        15.2,
        12.9,
        9.6,
        6.2,
        3.1,
        1,
        0,
        0,
        0,
        0,
        0,
        0,
        0,
        0,
        0,
        0,
        0,
        0,
        0,
        0,
        0,
        0,
        0,
        0,
        0,
        0,
        0,
        0,
        0,
        0,
        0,
      ],
      "units": "Percent",
    },
    "Numbers": {
      "data": Float64Array [
        0,
        0,
        0,
        0,
        0,
        0,
        0,
        0,
        0,
        0,
        0,
        0,
        0,
        0,
        0,
        0,
        0,
        0,
        0,
        0,
        0,
        0,
        0,
        0,
        0,
        0,
        0,
        0,
        0,
        0,
        0,
        0,
        0,
        5.8,
        19.1,
        26.5,
        22,
        13.6,
        7.1,
        3.3,
        1.5,
        0.7,
        0.3,
        0.1,
        0,
        0,
        0,
        0,
        0,
        0,
        0,
        0,
        0,
        0,
        0,
        0,
        0,
        0,
        0,
        0,
        0,
        0,
        0,
        0,
        0,
        0,
        0,
        0,
        0,
        0,
      ],
      "units": "Percent",
    },
    "Sizes": {
      "data": Float64Array [
        0.4,
        0.4632,
        0.5365,
        0.6213,
        0.7195,
        0.8332,
        0.9649,
        1.117,
        1.294,
        1.499,
        1.736,
        2.01,
        2.328,
        2.696,
        3.122,
        3.615,
        4.187,
        4.849,
        5.615,
        6.503,
        7.531,
        8.721,
        10.1,
        11.7,
        13.54,
        15.69,
        18.17,
        21.04,
        24.36,
        28.21,
        32.67,
        37.84,
        43.82,
        50.75,
        58.77,
        68.06,
        78.82,
        91.28,
        105.7,
        122.4,
        141.8,
        164.2,
        190.1,
        220.2,
        255,
        295.3,
        342,
        396.1,
        458.7,
        531.2,
        615.1,
        712.4,
        825,
        955.4,
        1106,
        1281,
        1484,
        1718,
        1990,
        2305,
        2669,
        3091,
        3580,
        4145,
        4801,
        5560,
        6439,
        7456,
        8635,
        10000,
      ],
      "units": "d.nm",
    },
    "Volumes": {
      "data": Float64Array [
        0,
        0,
        0,
        0,
        0,
        0,
        0,
        0,
        0,
        0,
        0,
        0,
        0,
        0,
        0,
        0,
        0,
        0,
        0,
        0,
        0,
        0,
        0,
        0,
        0,
        0,
        0,
        0,
        0,
        0,
        0,
        0,
        0,
        2.1,
        8.4,
        15.4,
        18.2,
        16.8,
        13.2,
        9.6,
        6.6,
        4.5,
        3,
        1.6,
        0.6,
        0.1,
        0,
        0,
        0,
        0,
        0,
        0,
        0,
        0,
        0,
        0,
        0,
        0,
        0,
        0,
        0,
        0,
        0,
        0,
        0,
        0,
        0,
        0,
        0,
        0,
      ],
      "units": "Percent",
    },
    "meta": {
      "%Pd Peak 1 (Percent)": 34.1,
      "%Pd Peak 2 (Percent)": 0,
      "%Pd Peak 3 (Percent)": 0,
      "Attenuator": 9,
      "Derived Count Rate (kcps)": 2659.4,
      "Dispersant Name": "Water",
      "Dispersant RI": 1.33,
      "Dispersant Viscosity (cP)": 0.8872,
      "Duration (s)": 10,
      "Intensity Mean (d.nm)": 119.8,
      "Intensity Peak 1 (d.nm)": 119.8,
      "Intensity Peak 2 (d.nm)": 0,
      "Intensity Peak 3 (d.nm)": 0,
      "Intensity Width Peak 1 (d.nm)": 40.88,
      "Intensity Width Peak 2 (d.nm)": 0,
      "Intensity Width Peak 3 (d.nm)": 0,
      "Intensity peak 1 (d.nm)": 119.8,
      "Intensity peak 2 (d.nm)": 0,
      "Intensity peak 3 (d.nm)": 0,
      "Intensity width peak 1 (d.nm)": 40.88,
      "Intensity width peak 2 (d.nm)": 0,
      "Intensity width peak 3 (d.nm)": 0,
      "Intercept": 0.943,
      "Material Absorption": 0.01,
      "Material Name": "Chitosan",
      "Material RI": 1.7,
      "Mean Count Rate (kcps)": 295.2,
      "Measured Intercept": 0.89,
      "Measurement Date and Time": "06 March 2026 14:53:37",
      "Number Mean (d.nm)": 77.59,
      "PdI": 0.116,
      "PdI Width (d.nm)": 36.83,
      "Quality Factor": 0,
      "Record": 3,
      "Result Origin": "Nano series",
      "S/W Version": 7.11,
      "Sample Name": "SD283 - F1, HBG6.4, 0h 3",
      "Serial Number": "MAL1143160",
      "Size Runs": 10,
      "T (°C)": 25,
      "Temperature (°C)": 25,
      "Type": "Size",
      "Viscosity (cP)": 0.8872,
      "Volume Mean (d.nm)": 99.59,
      "Z-Ave (d.nm)": 108.2,
      "Z-Average (d.nm)": 108.2,
      "pH": 0,
    },
  },
  {
    "Correlation Data": {
      "data": Float64Array [
        0.875,
        0.881,
        0.875,
        0.871,
        0.867,
        0.865,
        0.862,
        0.86,
        0.856,
        0.851,
        0.844,
        0.839,
        0.834,
        0.829,
        0.824,
        0.818,
        0.814,
        0.802,
        0.793,
        0.783,
        0.773,
        0.763,
        0.754,
        0.744,
        0.735,
        0.717,
        0.699,
        0.682,
        0.665,
        0.649,
        0.633,
        0.617,
        0.603,
        0.574,
        0.545,
        0.519,
        0.495,
        0.471,
        0.448,
        0.427,
        0.407,
        0.369,
        0.336,
        0.305,
        0.277,
        0.252,
        0.229,
        0.208,
        0.19,
        0.158,
        0.131,
        0.109,
        0.091,
        0.0758,
        0.0629,
        0.052,
        0.0436,
        0.0301,
        0.0214,
        0.0157,
        0.0112,
        0.00796,
        0.00565,
        0.00363,
        0.00275,
        0.00129,
        0.00151,
        0.00195,
        0.0018,
        0.00177,
        0.00102,
        0.000311,
        0.000663,
        0.00126,
        0.0037,
        0.0027,
        0.00302,
        0.00288,
        0.00317,
        0.0028,
        0.00335,
        0.00131,
        0.00225,
        0.00151,
        0.00173,
        0.00242,
        0.00222,
        0.000398,
        0.000776,
        0.00101,
        0.0023,
        0.000612,
        0.00127,
        0.00312,
        0.00276,
        0.00163,
        0.000127,
        0.000328,
        0.000706,
        0.000154,
        0.000833,
        0.000826,
        0.00181,
        0.00111,
        0.000733,
        0.000243,
        0.00034,
        0.000921,
        0.000582,
        0.00102,
        0.00081,
        0.000237,
        0.000549,
        0.000363,
        0.000381,
        0.00036,
        0.000539,
        0.000711,
        0.00103,
        0.000544,
        0.000809,
        0.000215,
        0.000877,
        0.000516,
        0.00012,
        0.000359,
        0.00035,
        0.000839,
        0.000679,
        0.000547,
        0.000444,
        0.000392,
        0.000167,
        0.0000142,
        0.000639,
        0.000331,
        0.000146,
        0.000117,
        0.000431,
        0.000058,
        0.000183,
        0.000269,
        0.000174,
        0.000393,
        0.000255,
        0.000359,
        0.000581,
        0.00035,
        0.0000942,
        0.000272,
        0.000173,
        0.0000566,
        0.00074,
        0.000119,
        0.00097,
        0.00127,
        0.000615,
        0.00111,
        0.000065,
        0.000996,
        0,
        0,
        0,
        0,
        0,
        0,
        0,
        0,
        0,
        0,
        0,
        0,
        0,
        0,
        0,
        0,
        0,
        0,
        0,
        0,
        0,
        0,
        0,
        0,
        0,
        0,
        0,
        0,
        0,
        0,
        0,
        0,
      ],
      "units": "",
    },
    "Correlation Delay Times": {
      "data": Float64Array [
        0.5,
        1,
        1.5,
        2,
        2.5,
        3,
        3.5,
        4,
        4.5,
        5.5,
        6.5,
        7.5,
        8.5,
        9.5,
        10.5,
        11.5,
        12.5,
        14.5,
        16.5,
        18.5,
        20.5,
        22.5,
        24.5,
        26.5,
        28.5,
        32.5,
        36.5,
        40.5,
        44.5,
        48.5,
        52.5,
        56.5,
        60.5,
        68.5,
        76.5,
        84.5,
        92.5,
        101,
        109,
        117,
        125,
        141,
        157,
        173,
        189,
        205,
        221,
        237,
        253,
        285,
        317,
        349,
        381,
        413,
        445,
        477,
        509,
        573,
        637,
        701,
        765,
        829,
        893,
        957,
        1020,
        1150,
        1280,
        1400,
        1530,
        1660,
        1790,
        1920,
        2040,
        2300,
        2560,
        2810,
        3070,
        3320,
        3580,
        3840,
        4090,
        4600,
        5120,
        5630,
        6140,
        6650,
        7160,
        7680,
        8190,
        9210,
        10200,
        11300,
        12300,
        13300,
        14300,
        15400,
        16400,
        18400,
        20500,
        22500,
        24600,
        26600,
        28700,
        30700,
        32800,
        36900,
        41000,
        45100,
        49100,
        53200,
        57300,
        61400,
        65500,
        73700,
        81900,
        90100,
        98300,
        106000,
        115000,
        123000,
        131000,
        147000,
        164000,
        180000,
        197000,
        213000,
        229000,
        246000,
        262000,
        295000,
        328000,
        360000,
        393000,
        426000,
        459000,
        492000,
        524000,
        590000,
        655000,
        721000,
        786000,
        852000,
        918000,
        983000,
        1050000,
        1180000,
        1310000,
        1440000,
        1570000,
        1700000,
        1840000,
        1970000,
        2100000,
        2360000,
        2620000,
        2880000,
        3150000,
        3410000,
        3670000,
        3930000,
        4190000,
        4720000,
        5240000,
        5770000,
        6290000,
        6820000,
        7340000,
        7860000,
        8390000,
        9440000,
        10500000,
        11500000,
        12600000,
        13600000,
        14700000,
        15700000,
        16800000,
        18900000,
        21000000,
        23100000,
        25200000,
        27300000,
        29400000,
        31500000,
        33600000,
        37700000,
        41900000,
        46100000,
        50300000,
        54500000,
        58700000,
        62900000,
      ],
      "units": "µs",
    },
    "Intensities": {
      "data": Float64Array [
        0,
        0,
        0,
        0,
        0,
        0,
        0,
        0,
        0,
        0,
        0,
        0,
        0,
        0,
        0,
        0,
        0,
        0,
        0,
        0,
        0,
        0,
        0,
        0,
        0,
        0,
        0,
        0,
        0,
        0,
        0,
        0,
        0,
        0,
        1,
        4.2,
        9.4,
        15.1,
        19.1,
        19.7,
        16.5,
        10.5,
        4.3,
        0.4,
        0,
        0,
        0,
        0,
        0,
        0,
        0,
        0,
        0,
        0,
        0,
        0,
        0,
        0,
        0,
        0,
        0,
        0,
        0,
        0,
        0,
        0,
        0,
        0,
        0,
        0,
      ],
      "units": "Percent",
    },
    "Numbers": {
      "data": Float64Array [
        0,
        0,
        0,
        0,
        0,
        0,
        0,
        0,
        0,
        0,
        0,
        0,
        0,
        0,
        0,
        0,
        0,
        0,
        0,
        0,
        0,
        0,
        0,
        0,
        0,
        0,
        0,
        0,
        0,
        0,
        0,
        0,
        0,
        3.3,
        13,
        22.1,
        23.1,
        17.7,
        10.9,
        5.7,
        2.6,
        1,
        0.3,
        0.1,
        0,
        0,
        0,
        0,
        0,
        0,
        0,
        0,
        0,
        0,
        0,
        0,
        0,
        0,
        0,
        0,
        0,
        0,
        0,
        0,
        0,
        0,
        0,
        0,
        0,
        0,
      ],
      "units": "Percent",
    },
    "Sizes": {
      "data": Float64Array [
        0.4,
        0.4632,
        0.5365,
        0.6213,
        0.7195,
        0.8332,
        0.9649,
        1.117,
        1.294,
        1.499,
        1.736,
        2.01,
        2.328,
        2.696,
        3.122,
        3.615,
        4.187,
        4.849,
        5.615,
        6.503,
        7.531,
        8.721,
        10.1,
        11.7,
        13.54,
        15.69,
        18.17,
        21.04,
        24.36,
        28.21,
        32.67,
        37.84,
        43.82,
        50.75,
        58.77,
        68.06,
        78.82,
        91.28,
        105.7,
        122.4,
        141.8,
        164.2,
        190.1,
        220.2,
        255,
        295.3,
        342,
        396.1,
        458.7,
        531.2,
        615.1,
        712.4,
        825,
        955.4,
        1106,
        1281,
        1484,
        1718,
        1990,
        2305,
        2669,
        3091,
        3580,
        4145,
        4801,
        5560,
        6439,
        7456,
        8635,
        10000,
      ],
      "units": "d.nm",
    },
    "Volumes": {
      "data": Float64Array [
        0,
        0,
        0,
        0,
        0,
        0,
        0,
        0,
        0,
        0,
        0,
        0,
        0,
        0,
        0,
        0,
        0,
        0,
        0,
        0,
        0,
        0,
        0,
        0,
        0,
        0,
        0,
        0,
        0,
        0,
        0,
        0,
        0,
        1,
        4.8,
        11,
        16.4,
        18.4,
        17,
        13.4,
        9.3,
        5.5,
        2.6,
        0.7,
        0.1,
        0,
        0,
        0,
        0,
        0,
        0,
        0,
        0,
        0,
        0,
        0,
        0,
        0,
        0,
        0,
        0,
        0,
        0,
        0,
        0,
        0,
        0,
        0,
        0,
        0,
      ],
      "units": "Percent",
    },
    "meta": {
      "%Pd Peak 1 (Percent)": 26.7,
      "%Pd Peak 2 (Percent)": 0,
      "%Pd Peak 3 (Percent)": 0,
      "Attenuator": 9,
      "Derived Count Rate (kcps)": 2617.8,
      "Dispersant Name": "Water",
      "Dispersant RI": 1.33,
      "Dispersant Viscosity (cP)": 0.8872,
      "Duration (s)": 10,
      "Intensity Mean (d.nm)": 118.4,
      "Intensity Peak 1 (d.nm)": 118.4,
      "Intensity Peak 2 (d.nm)": 0,
      "Intensity Peak 3 (d.nm)": 0,
      "Intensity Width Peak 1 (d.nm)": 31.66,
      "Intensity Width Peak 2 (d.nm)": 0,
      "Intensity Width Peak 3 (d.nm)": 0,
      "Intensity peak 1 (d.nm)": 118.4,
      "Intensity peak 2 (d.nm)": 0,
      "Intensity peak 3 (d.nm)": 0,
      "Intensity width peak 1 (d.nm)": 31.66,
      "Intensity width peak 2 (d.nm)": 0,
      "Intensity width peak 3 (d.nm)": 0,
      "Intercept": 0.939,
      "Material Absorption": 0.01,
      "Material Name": "Chitosan",
      "Material RI": 1.7,
      "Mean Count Rate (kcps)": 290.6,
      "Measured Intercept": 0.883,
      "Measurement Date and Time": "06 March 2026 14:55:18",
      "Number Mean (d.nm)": 83.53,
      "PdI": 0.09,
      "PdI Width (d.nm)": 32.45,
      "Quality Factor": 0,
      "Record": 4,
      "Result Origin": "Nano series",
      "S/W Version": 7.11,
      "Sample Name": "SD283 - F1, HBG6.4, 0h 4",
      "Serial Number": "MAL1143160",
      "Size Runs": 10,
      "T (°C)": 25,
      "Temperature (°C)": 25,
      "Type": "Size",
      "Viscosity (cP)": 0.8872,
      "Volume Mean (d.nm)": 103.6,
      "Z-Ave (d.nm)": 108.1,
      "Z-Average (d.nm)": 108.1,
      "pH": 0,
    },
  },
]
`;
