// Vitest Snapshot v1, https://vitest.dev/guide/snapshot.html

exports[`parse mxd full zeta potential export with 3 records 1`] = `
[
  {
    "meta": {
      "Append To File Enabled": true,
      "Attenuator": 6,
      "Attenuator Requested": 7,
      "Auto Attenuate Enabled": true,
      "Auto Measurement Time Enabled": true,
      "Auto Position Enabled": true,
      "CPF": 0,
      "Cauchy Coeff": 0,
      "Cell Compensation": 7,
      "Cell Description": "Clear disposable zeta cell",
      "Cell Type": "DTS1070",
      "Dispersant Dielectric Constant": 78.5,
      "Dispersant Is Standard": false,
      "Dispersant Rayleigh Ratio": 0.00000115,
      "Dn/Dc": 0.1,
      "Duration (s)": 3,
      "Equilibration Time Set (s)": 1,
      "Export Results Enabled": false,
      "Measure Size Enabled": false,
      "Measurement Date and Time": "Friday, 28 March 2025 14:59:57",
      "Measurement Position (mm)": 2,
      "Measurement Position Requested (mm)": 4.65,
      "Number Of Runs": 30,
      "Optically Clear Sample Enabled": false,
      "Optimize At Each Temperature Enabled": false,
      "PDF Reports Enabled": false,
      "PDF Summary Reports Enabled": false,
      "Perform Hysteresis": false,
      "Print Enabled": false,
      "Print Summary Reports Enabled": false,
      "Prompt After Equilibration Enabled": false,
      "Prompt For General Notes Enabled": false,
      "Record Number": 4,
      "Result Origin": "Nano series",
      "Run Duration (s)": 10,
      "Run Duration Requested (s)": 10,
      "S/W Version": 8.02,
      "SOP Change comment": "Created",
      "SOP Edited Date": "Friday, 28 March 2025 14:59:50",
      "SOP File Path": "C:\\Users\\DLS_Malvern\\Documents\\Malvern Instruments\\Zetasizer\\SOP\\mansettings.nano",
      "SOP Is Edited": true,
      "SOP Name": "mansettings.nano",
      "SOP Original File Name": "mansettings.nano",
      "SOP Original File Path": "C:\\Users\\DLS_Malvern\\Documents\\Malvern Instruments\\Zetasizer\\SOP\\mansettings.nano",
      "SOP Original Version": 21089,
      "SOP Type": "Zeta",
      "SOP User ID": "DLS_Malvern",
      "SOP User Name": "DLS_Malvern",
      "SOP Version": 21090,
      "Sample Name": "20250325_MMA_CuCl2_Anisole_24h 1",
      "Serial Number": "MAL1086580",
      "Show Cell Type On Start Enabled": true,
      "Show Post-measurement Instructions Enabled": false,
      "Show Pre-measurement Instructions Enabled": false,
      "Stability": 0,
      "Standard Cauchy Coeff": 0,
      "Standard Dielectric Constant": 2.38,
      "Standard Name": "Toluene",
      "Standard RI": 1.496,
      "Standard Rayleigh Ratio": 0.0000135,
      "Standard Viscosity (cP)": 0.5564,
      "Stop At Aggregation Point Enabled": false,
      "Temperature (°C)": 25,
      "Temperature Interval (°C)": 1,
      "Temperature Requested (°C)": 25,
      "Trend Meas. Pos. End (mm)": 0,
      "Trend Meas. Pos. Start (mm)": 0,
      "Trend Points": 46,
      "Trend Temperature End (°C)": 65,
      "Trend Temperature Start (°C)": 20,
      "Trend Type": "Unspecified",
      "Type": "Zeta",
      "Viscosity (cP)": 0.8872,
    },
  },
  {
    "meta": {
      "Append To File Enabled": true,
      "Attenuator": 6,
      "Attenuator Requested": 7,
      "Auto Attenuate Enabled": true,
      "Auto Measurement Time Enabled": true,
      "Auto Position Enabled": true,
      "CPF": 0,
      "Cauchy Coeff": 0,
      "Cell Compensation": 7,
      "Cell Description": "Clear disposable zeta cell",
      "Cell Type": "DTS1070",
      "Dispersant Dielectric Constant": 78.5,
      "Dispersant Is Standard": false,
      "Dispersant Rayleigh Ratio": 0.00000115,
      "Dn/Dc": 0.1,
      "Duration (s)": 3,
      "Equilibration Time Set (s)": 1,
      "Export Results Enabled": false,
      "Measure Size Enabled": false,
      "Measurement Date and Time": "Friday, 28 March 2025 15:00:57",
      "Measurement Position (mm)": 2,
      "Measurement Position Requested (mm)": 4.65,
      "Number Of Runs": 30,
      "Optically Clear Sample Enabled": false,
      "Optimize At Each Temperature Enabled": false,
      "PDF Reports Enabled": false,
      "PDF Summary Reports Enabled": false,
      "Perform Hysteresis": false,
      "Print Enabled": false,
      "Print Summary Reports Enabled": false,
      "Prompt After Equilibration Enabled": false,
      "Prompt For General Notes Enabled": false,
      "Record Number": 5,
      "Result Origin": "Nano series",
      "Run Duration (s)": 10,
      "Run Duration Requested (s)": 10,
      "S/W Version": 8.02,
      "SOP Change comment": "Created",
      "SOP Edited Date": "Friday, 28 March 2025 14:59:50",
      "SOP File Path": "C:\\Users\\DLS_Malvern\\Documents\\Malvern Instruments\\Zetasizer\\SOP\\mansettings.nano",
      "SOP Is Edited": true,
      "SOP Name": "mansettings.nano",
      "SOP Original File Name": "mansettings.nano",
      "SOP Original File Path": "C:\\Users\\DLS_Malvern\\Documents\\Malvern Instruments\\Zetasizer\\SOP\\mansettings.nano",
      "SOP Original Version": 21089,
      "SOP Type": "Zeta",
      "SOP User ID": "DLS_Malvern",
      "SOP User Name": "DLS_Malvern",
      "SOP Version": 21090,
      "Sample Name": "20250325_MMA_CuCl2_Anisole_24h 2",
      "Serial Number": "MAL1086580",
      "Show Cell Type On Start Enabled": true,
      "Show Post-measurement Instructions Enabled": false,
      "Show Pre-measurement Instructions Enabled": false,
      "Stability": 0,
      "Standard Cauchy Coeff": 0,
      "Standard Dielectric Constant": 2.38,
      "Standard Name": "Toluene",
      "Standard RI": 1.496,
      "Standard Rayleigh Ratio": 0.0000135,
      "Standard Viscosity (cP)": 0.5564,
      "Stop At Aggregation Point Enabled": false,
      "Temperature (°C)": 25,
      "Temperature Interval (°C)": 1,
      "Temperature Requested (°C)": 25,
      "Trend Meas. Pos. End (mm)": 0,
      "Trend Meas. Pos. Start (mm)": 0,
      "Trend Points": 46,
      "Trend Temperature End (°C)": 65,
      "Trend Temperature Start (°C)": 20,
      "Trend Type": "Unspecified",
      "Type": "Zeta",
      "Viscosity (cP)": 0.8872,
    },
  },
  {
    "meta": {
      "Append To File Enabled": true,
      "Attenuator": 6,
      "Attenuator Requested": 7,
      "Auto Attenuate Enabled": true,
      "Auto Measurement Time Enabled": true,
      "Auto Position Enabled": true,
      "CPF": 0,
      "Cauchy Coeff": 0,
      "Cell Compensation": 7,
      "Cell Description": "Clear disposable zeta cell",
      "Cell Type": "DTS1070",
      "Dispersant Dielectric Constant": 78.5,
      "Dispersant Is Standard": false,
      "Dispersant Rayleigh Ratio": 0.00000115,
      "Dn/Dc": 0.1,
      "Duration (s)": 3,
      "Equilibration Time Set (s)": 1,
      "Export Results Enabled": false,
      "Measure Size Enabled": false,
      "Measurement Date and Time": "Friday, 28 March 2025 15:01:35",
      "Measurement Position (mm)": 2,
      "Measurement Position Requested (mm)": 4.65,
      "Number Of Runs": 30,
      "Optically Clear Sample Enabled": false,
      "Optimize At Each Temperature Enabled": false,
      "PDF Reports Enabled": false,
      "PDF Summary Reports Enabled": false,
      "Perform Hysteresis": false,
      "Print Enabled": false,
      "Print Summary Reports Enabled": false,
      "Prompt After Equilibration Enabled": false,
      "Prompt For General Notes Enabled": false,
      "Record Number": 6,
      "Result Origin": "Nano series",
      "Run Duration (s)": 10,
      "Run Duration Requested (s)": 10,
      "S/W Version": 8.02,
      "SOP Change comment": "Created",
      "SOP Edited Date": "Friday, 28 March 2025 14:59:50",
      "SOP File Path": "C:\\Users\\DLS_Malvern\\Documents\\Malvern Instruments\\Zetasizer\\SOP\\mansettings.nano",
      "SOP Is Edited": true,
      "SOP Name": "mansettings.nano",
      "SOP Original File Name": "mansettings.nano",
      "SOP Original File Path": "C:\\Users\\DLS_Malvern\\Documents\\Malvern Instruments\\Zetasizer\\SOP\\mansettings.nano",
      "SOP Original Version": 21089,
      "SOP Type": "Zeta",
      "SOP User ID": "DLS_Malvern",
      "SOP User Name": "DLS_Malvern",
      "SOP Version": 21090,
      "Sample Name": "20250325_MMA_CuCl2_Anisole_24h 3",
      "Serial Number": "MAL1086580",
      "Show Cell Type On Start Enabled": true,
      "Show Post-measurement Instructions Enabled": false,
      "Show Pre-measurement Instructions Enabled": false,
      "Stability": 0,
      "Standard Cauchy Coeff": 0,
      "Standard Dielectric Constant": 2.38,
      "Standard Name": "Toluene",
      "Standard RI": 1.496,
      "Standard Rayleigh Ratio": 0.0000135,
      "Standard Viscosity (cP)": 0.5564,
      "Stop At Aggregation Point Enabled": false,
      "Temperature (°C)": 25,
      "Temperature Interval (°C)": 1,
      "Temperature Requested (°C)": 25,
      "Trend Meas. Pos. End (mm)": 0,
      "Trend Meas. Pos. Start (mm)": 0,
      "Trend Points": 46,
      "Trend Temperature End (°C)": 65,
      "Trend Temperature Start (°C)": 20,
      "Trend Type": "Unspecified",
      "Type": "Zeta",
      "Viscosity (cP)": 0.8872,
    },
  },
]
`;
